// Vitest Snapshot v1, https://vitest.dev/guide/snapshot.html

exports[`ffvbbeach.org > mock > should give access to fixtures 1`] = `
"Entit�;Jo;Match;Date;Heure;EQA_no;EQA_nom;EQB_no;EQB_nom;Set;Score;Total;Salle;Arb1;Arb2;
PTPL44;01;CA1A001;2021-10-01;20:00;0440018;LEO VOLLEY DETENTE 1;0448821;US BOUGUENAIS 1; 3/0;25-22,25-22,25-18;75-62;GYMNASE GASTON TURPIN;;;;
PTPL44;01;CA1A002;2021-09-28;20:50;0440024;NPVB 1;0448335;ST HERBLAIN VB 2; 0/3;12-25,19-25,21-25;52-75;GYMNASE BOTTIERE CHESNAIE;;;;
PTPL44;01;CA1A003;2021-09-27;20:30;0440018;US PONT ST MARTIN;0442446;ASPTT 1; 3/0;25-18,25-16,25-20;75-54;SALLE GARDIN;;;;
PTPL44;01;CA1A004;2021-09-27;20:30;0442446;ASPTT 2;0446750;JGE SUCE 1; 1/3;25-20,15-25,16-25,24-26;80-96;SALLE LONGCHAMP;;;;
PTPL44;01;CA1A005;2021-09-29;20:15;0442443;ASBR 1;0440018;CASSAV; 2/3;25-20,22-25,25-21,17-25,13-15;102-106;GYMNASE M. ET M. LIBERGE;;;;
PTPL44;02;CA1A006;2021-10-05;21:00;0448821;US BOUGUENAIS 1;0440018;CASSAV; 3/1;25-23,16-25,25-18,25-20;91-86;SALLE DE LA GAGNERIE;;;;
PTPL44;02;CA1A007;2021-10-06;20:00;0446750;JGE SUCE 1;0442443;ASBR 1; 2/3;20-25,25-17,25-21,17-25,14-16;101-104;SALLE DE LA PAPINIERE;;;;
PTPL44;02;CA1A008;2021-10-04;20:30;0442446;ASPTT 1;0442446;ASPTT 2; 3/0;25-13,25-18,25-11;75-42;SALLE LONGCHAMP;;;;
PTPL44;02;CA1A009;2021-10-06;20:00;0448335;ST HERBLAIN VB 2;0440018;US PONT ST MARTIN; 0/3;22-25,19-25,23-25;64-75;LA SENSIVE;;;;
PTPL44;02;CA1A010;2021-10-08;20:00;0440018;LEO VOLLEY DETENTE 1;0440024;NPVB 1; 3/0;25-13,25-7,25-14;75-34;GYMNASE GASTON TURPIN;;;;
PTPL44;03;CA1A011;2021-10-12;20:50;0440024;NPVB 1;0448821;US BOUGUENAIS 1; 0/3;20-25,20-25,17-25;57-75;GYMNASE BOTTIERE CHESNAIE;;;;
PTPL44;03;CA1A012;2021-10-11;20:30;0440018;US PONT ST MARTIN;0440018;LEO VOLLEY DETENTE 1; 0/3;18-25,22-25,20-25;60-75;SALLE GARDIN;;;;
PTPL44;03;CA1A013;2021-10-11;20:30;0442446;ASPTT 2;0448335;ST HERBLAIN VB 2; 2/3;25-21,10-25,25-15,16-25,11-15;87-101;SALLE LONGCHAMP;;;;
PTPL44;03;CA1A014;2021-10-13;20:15;0442443;ASBR 1;0442446;ASPTT 1; 2/3;19-25,18-25,25-22,25-18,8-15;95-105;GYMNASE M. ET M. LIBERGE;;;;
PTPL44;03;CA1A015;2021-10-13;20:00;0440018;CASSAV;0446750;JGE SUCE 1; 3/1;15-25,28-26,25-20,25-20;93-91;SALLE RAPHAEL LEBEL;;;;
PTPL44;04;CA1A016;2021-10-19;21:00;0448821;US BOUGUENAIS 1;0446750;JGE SUCE 1; 3/2;25-15,24-26,20-25,25-18,15-13;109-97;SALLE DE LA GAGNERIE;;;;
PTPL44;04;CA1A017;2021-10-18;20:30;0442446;ASPTT 1;0440018;CASSAV; 2/3;25-15,17-25,20-25,25-16,11-15;98-96;SALLE LONGCHAMP;;;;
PTPL44;04;CA1A018;2021-10-20;20:00;0448335;ST HERBLAIN VB 2;0442443;ASBR 1; 3/1;17-25,25-19,25-21,25-19;92-84;LA SENSIVE;;;;
PTPL44;04;CA1A019;2021-10-22;20:00;0440018;LEO VOLLEY DETENTE 1;0442446;ASPTT 2; 3/0;25-13,25-12,25-15;75-40;GYMNASE GASTON TURPIN;;;;
PTPL44;04;CA1A020;2021-10-19;20:50;0440024;NPVB 1;0440018;US PONT ST MARTIN; 0/3;18-25,14-25,15-25;47-75;GYMNASE BOTTIERE CHESNAIE;;;;
PTPL44;05;CA1A021;2021-11-15;20:30;0440018;US PONT ST MARTIN;0448821;US BOUGUENAIS 1; 1/3;23-25,25-21,18-25,19-25;85-96;SALLE GARDIN;;;;
PTPL44;05;CA1A022;2021-11-15;20:30;0442446;ASPTT 2;0440024;NPVB 1; 0/3;19-25,21-25,20-25;60-75;SALLE LONGCHAMP;;;;
PTPL44;05;CA1A023;2021-11-17;20:15;0442443;ASBR 1;0440018;LEO VOLLEY DETENTE 1; 1/3;17-25,25-21,12-25,18-25;72-96;GYMNASE M. ET M. LIBERGE;;;;
PTPL44;05;CA1A024;2021-11-17;20:00;0440018;CASSAV;0448335;ST HERBLAIN VB 2; 3/1;25-20,25-21,23-25,25-19;98-85;SALLE RAPHAEL LEBEL;;;;
PTPL44;05;CA1A025;2021-11-17;20:00;0446750;JGE SUCE 1;0442446;ASPTT 1; 0/3;0-25,0-25,0-25;0-75;SALLE DE LA PAPINIERE;;;;
PTPL44;06;CA1A026;2021-11-23;21:00;0448821;US BOUGUENAIS 1;0442446;ASPTT 1; 2/3;25-17,25-15,18-25,18-25,13-15;99-97;SALLE DE LA GAGNERIE;;;;
PTPL44;06;CA1A027;2021-11-24;20:00;0448335;ST HERBLAIN VB 2;0446750;JGE SUCE 1; 3/0;25-20,27-25,28-26;80-71;LA SENSIVE;;;;
PTPL44;06;CA1A028;2021-11-26;20:00;0440018;LEO VOLLEY DETENTE 1;0440018;CASSAV; 2/3;31-29,25-20,23-25,17-25,16-18;112-117;GYMNASE GASTON TURPIN;;;;
PTPL44;06;CA1A029;2021-11-23;20:50;0440024;NPVB 1;0442443;ASBR 1; 2/3;25-23,18-25,25-21,14-25,8-15;90-109;GYMNASE BOTTIERE CHESNAIE;;;;
PTPL44;06;CA1A030;2021-11-22;20:30;0440018;US PONT ST MARTIN;0442446;ASPTT 2; 3/0;25-18,25-12,25-20;75-50;SALLE GARDIN;;;;
PTPL44;07;CA1A031;2021-11-29;20:30;0442446;ASPTT 2;0448821;US BOUGUENAIS 1; 0/3;15-25,23-25,21-25;59-75;SALLE LONGCHAMP;;;;
PTPL44;07;CA1A032;2021-12-01;20:15;0442443;ASBR 1;0440018;US PONT ST MARTIN; 0/3;17-25,19-25,21-25;57-75;GYMNASE M. ET M. LIBERGE;;;;
PTPL44;07;CA1A033;2021-12-01;20:00;0440018;CASSAV;0440024;NPVB 1; 3/0;25-20,25-20,25-20;75-60;SALLE RAPHAEL LEBEL;;;;
PTPL44;07;CA1A034;2021-12-01;20:00;0446750;JGE SUCE 1;0440018;LEO VOLLEY DETENTE 1; 0/3;16-25,11-25,13-25;40-75;SALLE DE LA PAPINIERE;;;;
PTPL44;07;CA1A035;2021-11-29;20:30;0442446;ASPTT 1;0448335;ST HERBLAIN VB 2; 3/1;22-25,25-16,25-19,25-15;97-75;SALLE LONGCHAMP;;;;
PTPL44;08;CA1A036;2021-12-07;21:00;0448821;US BOUGUENAIS 1;0448335;ST HERBLAIN VB 2; 3/1;18-25,25-22,25-22,25-16;93-85;SALLE DE LA GAGNERIE;;;;
PTPL44;08;CA1A037;2021-12-10;20:00;0440018;LEO VOLLEY DETENTE 1;0442446;ASPTT 1; 3/1;25-19,17-25,25-14,25-16;92-74;GYMNASE GASTON TURPIN;;;;
PTPL44;08;CA1A038;2021-12-07;20:50;0440024;NPVB 1;0446750;JGE SUCE 1; 1/3;13-25,25-18,24-26,16-25;78-94;GYMNASE BOTTIERE CHESNAIE;;;;
PTPL44;08;CA1A039;2021-12-06;20:30;0440018;US PONT ST MARTIN;0440018;CASSAV; 3/0;25-20,25-12,25-12;75-44;SALLE GARDIN;;;;
PTPL44;08;CA1A040;2021-12-06;20:30;0442446;ASPTT 2;0442443;ASBR 1; 3/1;23-25,25-22,25-12,25-14;98-73;SALLE LONGCHAMP;;;;
PTPL44;09;CA1A041;2021-12-15;20:15;0442443;ASBR 1;0448821;US BOUGUENAIS 1; 2/3;25-23,20-25,25-18,18-25,10-15;98-106;GYMNASE M. ET M. LIBERGE;;;;
PTPL44;09;CA1A042;2021-12-15;20:00;0440018;CASSAV;0442446;ASPTT 2; 3/1;25-20,25-20,21-25,25-20;96-85;SALLE RAPHAEL LEBEL;;;;
PTPL44;09;CA1A043;2021-12-15;20:00;0446750;JGE SUCE 1;0440018;US PONT ST MARTIN; 2/3;29-27,14-25,25-22,11-25,9-15;88-114;SALLE DE LA PAPINIERE;;;;
PTPL44;09;CA1A044;2021-12-13;20:30;0442446;ASPTT 1;0440024;NPVB 1; 3/0;25-15,25-7,25-13;75-35;SALLE LONGCHAMP;;;;
PTPL44;09;CA1A045;2021-12-15;20:00;0448335;ST HERBLAIN VB 2;0440018;LEO VOLLEY DETENTE 1; 1/3;22-25,17-25,25-17,22-25;86-92;LA SENSIVE;;;;
"
`;

exports[`ffvbbeach.org > mock > should give access to fixtures 2`] = `
"Entit�;Jo;Match;Date;Heure;EQA_no;EQA_nom;EQB_no;EQB_nom;Set;Score;Total;Salle;Arb1;Arb2;
PTPL44;01;LA1A001;2022-01-19;20:00;0440018;CASSAV;0442443;ASBR 1; 2/3;25-20,27-29,22-25,25-19,12-15;111-108;SALLE RAPHAEL LEBEL;;;;
PTPL44;01;LA1A002;2022-01-19;20:00;0446750;JGE SUCE 1;0442446;ASPTT 2; 3/0;25-17,25-20,26-24;76-61;SALLE DE LA PAPINIERE;;;;
PTPL44;01;LA1A003;2022-01-17;20:30;0442446;ASPTT 1;0440018;US PONT SAINT MARTIN; 3/0;25-22,25-21,26-24;76-67;SALLE LONGCHAMP;;;;
PTPL44;01;LA1A004;2022-01-19;20:00;0448335;ST HERBLAIN VB 2;0440018;ALCVB 1;;;;LA SENSIVE;;;;
PTPL44;01;LA1A005;2022-01-18;20:45;0448821;US BOUGUENAIS 1;0440018;LEO DETENTE 1;;;;SALLE DE LA GAGNERIE;;;;
PTPL44;02;LA1A006;2022-01-26;20:15;0442443;ASBR 1;0440018;LEO DETENTE 1;;;;GYMNASE L. ET M. LIBERGE;;;;
PTPL44;02;LA1A007;2022-01-27;20:30;0440018;ALCVB 1;0448821;US BOUGUENAIS 1;;;;SALLE DU CHEVALIER;;;;
PTPL44;02;LA1A008;2022-01-24;20:30;0440018;US PONT SAINT MARTIN;0448335;ST HERBLAIN VB 2;;;;SALLE GARDIN;;;;
PTPL44;02;LA1A009;2022-01-24;20:30;0442446;ASPTT 2;0442446;ASPTT 1; 0/3;10-25,20-25,14-25;44-75;SALLE LONGCHAMP;;;;
PTPL44;02;LA1A010;2022-01-26;20:00;0440018;CASSAV;0446750;JGE SUCE 1;;;;SALLE RAPHAEL LEBEL;;;;
PTPL44;03;LA1A011;2022-02-02;20:00;0446750;JGE SUCE 1;0442443;ASBR 1; 3/0;25-13,25-17,25-16;75-46;SALLE DE LA PAPINIERE;;;;
PTPL44;03;LA1A012;2022-01-31;20:30;0442446;ASPTT 1;0440018;CASSAV;;;;SALLE LONGCHAMP;;;;
PTPL44;03;LA1A013;2022-02-02;20:00;0448335;ST HERBLAIN VB 2;0442446;ASPTT 2; 3/0;25-22,25-22,25-17;75-61;LA SENSIVE;;;;
PTPL44;03;LA1A014;2022-02-01;20:45;0448821;US BOUGUENAIS 1;0440018;US PONT SAINT MARTIN; 3/2;21-25,30-28,22-25,25-19,15-10;113-107;SALLE DE LA GAGNERIE;;;;
PTPL44;03;LA1A015;2022-02-04;20:00;0440018;LEO DETENTE 1;0440018;ALCVB 1;;;;SALLE GASTON TURPIN;;;;
PTPL44;04;LA1A016;2022-02-23;20:15;0442443;ASBR 1;0440018;ALCVB 1;;;;GYMNASE L. ET M. LIBERGE;;;;
PTPL44;04;LA1A017;2022-02-21;20:30;0440018;US PONT SAINT MARTIN;0440018;LEO DETENTE 1;;;;SALLE GARDIN;;;;
PTPL44;04;LA1A018;2022-02-21;20:30;0442446;ASPTT 2;0448821;US BOUGUENAIS 1;;;;SALLE LONGCHAMP;;;;
PTPL44;04;LA1A019;2022-02-23;20:00;0440018;CASSAV;0448335;ST HERBLAIN VB 2;;;;SALLE RAPHAEL LEBEL;;;;
PTPL44;04;LA1A020;2021-02-23;20:00;0446750;JGE SUCE 1;0442446;ASPTT 1;;;;SALLE DE LA PAPINIERE;;;;
PTPL44;05;LA1A021;2022-02-28;20:30;0442446;ASPTT 1;0442443;ASBR 1;;;;SALLE LONGCHAMP;;;;
PTPL44;05;LA1A022;2022-03-02;20:00;0448335;ST HERBLAIN VB 2;0446750;JGE SUCE 1;;;;LA SENSIVE;;;;
PTPL44;05;LA1A023;2022-03-01;20:45;0448821;US BOUGUENAIS 1;0440018;CASSAV;;;;SALLE DE LA GAGNERIE;;;;
PTPL44;05;LA1A024;2022-03-04;20:00;0440018;LEO DETENTE 1;0442446;ASPTT 2;;;;SALLE GASTON TURPIN;;;;
PTPL44;05;LA1A025;2022-03-03;20:30;0440018;ALCVB 1;0440018;US PONT SAINT MARTIN;;;;SALLE DU CHEVALIER;;;;
PTPL44;06;LA1A026;2022-03-16;20:15;0442443;ASBR 1;0440018;US PONT SAINT MARTIN;;;;GYMNASE L. ET M. LIBERGE;;;;
PTPL44;06;LA1A027;2022-03-14;20:30;0442446;ASPTT 2;0440018;ALCVB 1;;;;SALLE LONGCHAMP;;;;
PTPL44;06;LA1A028;2022-03-16;20:00;0440018;CASSAV;0440018;LEO DETENTE 1;;;;SALLE RAPHAEL LEBEL;;;;
PTPL44;06;LA1A029;2022-03-16;20:00;0446750;JGE SUCE 1;0448821;US BOUGUENAIS 1;;;;SALLE DE LA PAPINIERE;;;;
PTPL44;06;LA1A030;2022-03-14;20:30;0442446;ASPTT 1;0448335;ST HERBLAIN VB 2;;;;SALLE LONGCHAMP;;;;
PTPL44;07;LA1A031;2022-03-23;20:00;0448335;ST HERBLAIN VB 2;0442443;ASBR 1;;;;LA SENSIVE;;;;
PTPL44;07;LA1A032;2022-03-22;20:45;0448821;US BOUGUENAIS 1;0442446;ASPTT 1;;;;SALLE DE LA GAGNERIE;;;;
PTPL44;07;LA1A033;2022-03-25;20:00;0440018;LEO DETENTE 1;0446750;JGE SUCE 1;;;;SALLE GASTON TURPIN;;;;
PTPL44;07;LA1A034;2022-03-24;20:30;0440018;ALCVB 1;0440018;CASSAV;;;;SALLE DU CHEVALIER;;;;
PTPL44;07;LA1A035;2022-03-21;20:30;0440018;US PONT SAINT MARTIN;0442446;ASPTT 2;;;;SALLE GARDIN;;;;
PTPL44;08;LA1A036;2022-03-30;20:15;0442443;ASBR 1;0442446;ASPTT 2;;;;GYMNASE L. ET M. LIBERGE;;;;
PTPL44;08;LA1A037;2022-03-30;20:00;0440018;CASSAV;0440018;US PONT SAINT MARTIN;;;;SALLE RAPHAEL LEBEL;;;;
PTPL44;08;LA1A038;2022-03-30;20:00;0446750;JGE SUCE 1;0440018;ALCVB 1;;;;SALLE DE LA PAPINIERE;;;;
PTPL44;08;LA1A039;2022-03-28;20:30;0442446;ASPTT 1;0440018;LEO DETENTE 1;;;;SALLE LONGCHAMP;;;;
PTPL44;08;LA1A040;2022-03-30;20:00;0448335;ST HERBLAIN VB 2;0448821;US BOUGUENAIS 1;;;;LA SENSIVE;;;;
PTPL44;09;LA1A041;2022-04-05;20:45;0448821;US BOUGUENAIS 1;0442443;ASBR 1;;;;SALLE DE LA GAGNERIE;;;;
PTPL44;09;LA1A042;2022-04-08;20:00;0440018;LEO DETENTE 1;0448335;ST HERBLAIN VB 2;;;;SALLE GASTON TURPIN;;;;
PTPL44;09;LA1A043;2022-04-07;20:30;0440018;ALCVB 1;0442446;ASPTT 1;;;;SALLE DU CHEVALIER;;;;
PTPL44;09;LA1A044;2022-04-04;20:30;0440018;US PONT SAINT MARTIN;0446750;JGE SUCE 1;;;;SALLE GARDIN;;;;
PTPL44;09;LA1A045;2022-04-04;20:30;0442446;ASPTT 2;0440018;CASSAV;;;;SALLE LONGCHAMP;;;;
"
`;

exports[`ffvbbeach.org > mock > should give access to fixtures 3`] = `
"Entit�;Jo;Match;Date;Heure;EQA_no;EQA_nom;EQB_no;EQB_nom;Set;Score;Total;Salle;Arb1;Arb2;
PTPL44;01;CE1A001;2025-09-22;20:00;0442442;VLS 7;0440044;AS LA MONTAGNE 3;;;;SALLE DE LA MARTELIERE;;;
PTPL44;01;CE1A002;2025-09-25;20:00;0440034;AL MALVILLE 4;0440043;SVB TREILLIERES 2;;;;COMPLEXE ALICE MILLIAT;;;
PTPL44;01;CE1A003;2025-09-22;19:30;0442441;ORVAULT VB 4;0440018;USFEN;;;;LA CHOLIERE;;;
PTPL44;01;CE1A004;2025-09-26;20:00;0440051;VOLLEY BALL LUCEEN 1;0440046;GRANDCHAMP VB 1;;;;HALLE DES SPORTS DE LA MINAIS;;;
PTPL44;01;CE1A005;2025-09-25;20:45;0449539;VB MESANGER 2;0440037;VVBL 5;;;;COMPLEXE DES CORNOUAILLES;;;
PTPL44;02;CE1A006;2025-09-30;20:15;0440044;AS LA MONTAGNE 3;0440037;VVBL 5;;;;SALLE JULES LADOUMEGUE;;;
PTPL44;02;CE1A007;2025-09-30;20:00;0440046;GRANDCHAMP VB 1;0449539;VB MESANGER 2;;;;COMPLEXE CENT SILLONS;;;
PTPL44;02;CE1A008;2025-09-29;20:30;0440018;USFEN;0440051;VOLLEY BALL LUCEEN 1;;;;GYMNASE VICTOR HUGO;;;
PTPL44;02;CE1A009;2025-10-03;20:00;0440043;SVB TREILLIERES 2;0442441;ORVAULT VB 4;;;;COMPLEXE DU GESVRE;;;
PTPL44;02;CE1A010;2025-09-29;20:00;0442442;VLS 7;0440034;AL MALVILLE 4;;;;SALLE DE LA MARTELIERE;;;
PTPL44;03;CE1A011;2025-10-09;20:30;0440034;AL MALVILLE 4;0440044;AS LA MONTAGNE 3;;;;COMPLEXE ALICE MILLIAT;;;
PTPL44;03;CE1A012;2025-10-06;19:30;0442441;ORVAULT VB 4;0442442;VLS 7;;;;LA CHOLIERE;;;
PTPL44;03;CE1A013;2025-10-10;20:00;0440051;VOLLEY BALL LUCEEN 1;0440043;SVB TREILLIERES 2;;;;HALLE DES SPORTS DE LA MINAIS;;;
PTPL44;03;CE1A014;2025-10-09;20:45;0449539;VB MESANGER 2;0440018;USFEN;;;;COMPLEXE DES CORNOUAILLES;;;
PTPL44;03;CE1A015;2025-10-07;20:30;0440037;VVBL 5;0440046;GRANDCHAMP VB 1;;;;COMPLEXE SEVRE ET MAINE;;;
PTPL44;04;CE1A016;2025-10-14;20:15;0440044;AS LA MONTAGNE 3;0440046;GRANDCHAMP VB 1;;;;SALLE JULES LADOUMEGUE;;;
PTPL44;04;CE1A017;2025-10-13;20:30;0440018;USFEN;0440037;VVBL 5;;;;GYMNASE VICTOR HUGO;;;
PTPL44;04;CE1A018;2025-10-17;20:00;0440043;SVB TREILLIERES 2;0449539;VB MESANGER 2;;;;COMPLEXE DU GESVRE;;;
PTPL44;04;CE1A019;2025-10-13;20:00;0442442;VLS 7;0440051;VOLLEY BALL LUCEEN 1;;;;SALLE DE LA MARTELIERE;;;
PTPL44;04;CE1A020;2025-10-16;20:30;0440034;AL MALVILLE 4;0442441;ORVAULT VB 4;;;;COMPLEXE ALICE MILLIAT;;;
PTPL44;05;CE1A021;2025-11-03;19:30;0442441;ORVAULT VB 4;0440044;AS LA MONTAGNE 3;;;;LA CHOLIERE;;;
PTPL44;05;CE1A022;2025-11-07;20:00;0440051;VOLLEY BALL LUCEEN 1;0440034;AL MALVILLE 4;;;;HALLE DES SPORTS DE LA MINAIS;;;
PTPL44;05;CE1A023;2025-11-06;20:45;0449539;VB MESANGER 2;0442442;VLS 7;;;;COMPLEXE DES CORNOUAILLES;;;
PTPL44;05;CE1A024;2025-11-04;20:30;0440037;VVBL 5;0440043;SVB TREILLIERES 2;;;;COMPLEXE SEVRE ET MAINE;;;
PTPL44;05;CE1A025;2025-11-04;20:00;0440046;GRANDCHAMP VB 1;0440018;USFEN;;;;COMPLEXE CENT SILLONS;;;
PTPL44;06;CE1A026;2025-11-18;20:15;0440044;AS LA MONTAGNE 3;0440018;USFEN;;;;SALLE JULES LADOUMEGUE;;;
PTPL44;06;CE1A027;2025-11-21;20:00;0440043;SVB TREILLIERES 2;0440046;GRANDCHAMP VB 1;;;;COMPLEXE DU GESVRE;;;
PTPL44;06;CE1A028;2025-11-17;20:00;0442442;VLS 7;0440037;VVBL 5;;;;SALLE DE LA MARTELIERE;;;
PTPL44;06;CE1A029;2025-11-20;20:30;0440034;AL MALVILLE 4;0449539;VB MESANGER 2;;;;COMPLEXE ALICE MILLIAT;;;
PTPL44;06;CE1A030;2025-11-17;19:30;0442441;ORVAULT VB 4;0440051;VOLLEY BALL LUCEEN 1;;;;LA CHOLIERE;;;
PTPL44;07;CE1A031;2025-11-28;20:00;0440051;VOLLEY BALL LUCEEN 1;0440044;AS LA MONTAGNE 3;;;;HALLE DES SPORTS DE LA MINAIS;;;
PTPL44;07;CE1A032;2025-11-26;20:45;0449539;VB MESANGER 2;0442441;ORVAULT VB 4;;;;COMPLEXE DES CORNOUAILLES;;;
PTPL44;07;CE1A033;2025-11-25;20:30;0440037;VVBL 5;0440034;AL MALVILLE 4;;;;COMPLEXE SEVRE ET MAINE;;;
PTPL44;07;CE1A034;2025-11-25;20:00;0440046;GRANDCHAMP VB 1;0442442;VLS 7;;;;COMPLEXE CENT SILLONS;;;
PTPL44;07;CE1A035;2025-11-24;20:30;0440018;USFEN;0440043;SVB TREILLIERES 2;;;;GYMNASE VICTOR HUGO;;;
PTPL44;08;CE1A036;2025-12-02;20:15;0440044;AS LA MONTAGNE 3;0440043;SVB TREILLIERES 2;;;;SALLE JULES LADOUMEGUE;;;
PTPL44;08;CE1A037;2025-12-01;20:00;0442442;VLS 7;0440018;USFEN;;;;SALLE DE LA MARTELIERE;;;
PTPL44;08;CE1A038;2025-12-04;20:30;0440034;AL MALVILLE 4;0440046;GRANDCHAMP VB 1;;;;COMPLEXE ALICE MILLIAT;;;
PTPL44;08;CE1A039;2025-12-01;19:30;0442441;ORVAULT VB 4;0440037;VVBL 5;;;;LA CHOLIERE;;;
PTPL44;08;CE1A040;2025-12-05;20:00;0440051;VOLLEY BALL LUCEEN 1;0449539;VB MESANGER 2;;;;HALLE DES SPORTS DE LA MINAIS;;;
PTPL44;09;CE1A041;2025-12-10;20:45;0449539;VB MESANGER 2;0440044;AS LA MONTAGNE 3;;;;COMPLEXE DES CORNOUAILLES;;;
PTPL44;09;CE1A042;2025-12-09;20:30;0440037;VVBL 5;0440051;VOLLEY BALL LUCEEN 1;;;;COMPLEXE SEVRE ET MAINE;;;
PTPL44;09;CE1A043;2025-12-09;20:00;0440046;GRANDCHAMP VB 1;0442441;ORVAULT VB 4;;;;COMPLEXE CENT SILLONS;;;
PTPL44;09;CE1A044;2025-12-08;20:30;0440018;USFEN;0440034;AL MALVILLE 4;;;;GYMNASE VICTOR HUGO;;;
PTPL44;09;CE1A045;2025-12-12;20:00;0440043;SVB TREILLIERES 2;0442442;VLS 7;;;;COMPLEXE DU GESVRE;;;
"
`;

exports[`ffvbbeach.org > mock > should give access to fixtures 4`] = `
"Entit�;Jo;Match;Date;Heure;EQA_no;EQA_nom;EQB_no;EQB_nom;Set;Score;Total;Salle;Arb1;Arb2;
"
`;

exports[`ffvbbeach.org > mock > should give access to fixtures 5`] = `
"%PDF-1.3
3 0 obj
<</Type /Page
/Parent 1 0 R
/Resources 2 0 R
/Contents 4 0 R>>
endobj
4 0 obj
<</Filter /FlateDecode /Length 1381>>
stream
x��X�R�H}�W�cx\`2W�(O���Kdy�����x�؎0�ڪ��}�_l��jI66�3���9g�����
%J��o~ c�P
�[��/�	e�
%���#�0�Z×7	����%� L�E%1U�iH��-p��;��� ��0��L�x
%�gp!A�p���,
!\`p9N�$\\�9Dۉ���a(�%�����Zy�(P\\�<��(Y
�\`g��b^B���y�8�^9��Oj�N��A�����R����������z��K��4'�-����$V�׶FϮ�බ����R+�IL�'\\Q/�f�2'ړC� �gD��ۻ��-z������_\`B����l�f�&�ÏV���Q�!Z�'����|�Lk��"T�9��!�P�VP�h�K�#�+��\`�Ie�	Q<�3h��A�A[�͑j����q���h<���'�0� .����5|��ĳ&�Q� ��h<��e �\\��(%̸\`R
4�$����	)$���J~-�{�\\R�K��N��>���m�b2'r�u���۷O�g�
���RMj��$̓0��J_X��!o�6()51�jP��L
��/�Q��]�����F��XtB��ڔ�(��(���Om�ݨ���	fid#�<��vA��Rz� ^O �
1>MK����s
��f
WxV<.�8�\`���j7�����3$��,�����~{{ք�)j��! ���P!�/�\`����u��O���~����r���؞�݉r8�G�c�CΡ�kԻu�rܹ��uH���F�SH�8�����Ǔ��&m��e��d�m�K�$�4��p�BA�-�V��	S�>t]��k����9]��|�X}X�7�mJV���LP�n�él���n���5?Jۜ �$���C�
Nǧ�H�����-��!*����v�]�쓟�Յ�.�P�S���rQCRY:H�9�ʷ��g/K���dHhi��{e��/eHx�^�k
��W�2Ա����eHxt[�j8�Dؐ��R��F���|s~��FmHBd�	*e�\`y4�(eJ�"S�B~[����kW-S�h_��9��2�}X��kX�U��TB�����RY;�:�BQ��ݺ�B��G�8�½�gɧ0�8����qE��:+1�8��K��rZez�J�ΨR��v�;�w�S�˽�Z��}�O_��k�b�|�^v�n��6���8_,����\\��E�*9��j���f8
�x�����!\\�Ț�SӅ��/x��(�G�0>��zΔ*�_�[
Ҡni%�2��V���U��*�j��_�(t���=���Ž��^�^d�y�]b�Y�xN�j�y���s��0�q�R�� �������_J�ssi_�+q�O����|���oY��?%�j�
endstream
endobj
1 0 obj
<</Type /Pages
/Kids [3 0 R ]
/Count 1
/MediaBox [0 0 595.28 841.89]
>>
endobj
5 0 obj
<</Type /Font
/BaseFont /Helvetica-Bold
/Subtype /Type1
/Encoding /WinAnsiEncoding
>>
endobj
6 0 obj
<</Type /Font
/BaseFont /Helvetica
/Subtype /Type1
/Encoding /WinAnsiEncoding
>>
endobj
7 0 obj
<</Type /Font
/BaseFont /Courier-Bold
/Subtype /Type1
/Encoding /WinAnsiEncoding
>>
endobj
8 0 obj
<</Type /XObject
/Subtype /Image
/Width 110
/Height 39
/ColorSpace /DeviceRGB
/BitsPerComponent 8
/Filter /DCTDecode
/Length 2016>>
stream
���� JFIF ,,  �� C 	!"$"$�� C��  ' n" ��           	
�� �   } !1AQa"q2���#B��R��$3br�	
%&'()*456789:CDEFGHIJSTUVWXYZcdefghijstuvwxyz���������������������������������������������������������������������������        	
�� �  w !1AQaq"2�B����	#3R�br�
$4�%�&'()*56789:CDEFGHIJSTUVWXYZcdefghijstuvwxyz��������������������������������������������������������������������������   ? �.�+��������k�i�jZ�贶��(	%��w���پ
SUR��ߚ[j�zlu�W�j=񥦭��t�.������8�@�8S �9bs�8��;?뉩����׭Q[Pӭ���k�������g�(TSm.�Fج���KZ[ZQw�^ɷm�TW={�Yi��w^*ѡ���^v�@�e���<��#��o|D��e�{�	i��x�V�OK�n�DV��T��L��l�ͻ$p9$wTW���~���>>0����Z�qv6e���.I�q]-���-y�5�������1X�]�.:���=4J���h�6�GW҆�4?�O�C�>�毝�gn����񞙮;◊5�)����k3@nn//%��m��k��I(��N0]:R�%MZ��&w�ʣ,�sM�X��&�D�7�сV�#�y����RI4�B���,��O.����ݸ�����s�n;�C�:��ΉڗÛIe�m��{�;Q#K
�H������p	
�#oCU0�c6��J�����(�JMI�-4z=/߶����Tv�Csoż�,2�x�NC)B*J�a^_��A!�|aq��{\`ڹ�0�X�rY����TT��Vv\`1��WUế����s�|c�]'U���M�E����z,Ѐ�(Hʟ�L��?V��������u��?iwWח�t�%�6�3�YK[ͅ����5�U�BnI^� Շ��U�ӧNm�
�[��m���������"�q��"��>��o�t�
K[�-m���$2I;Dx\`۶�zm��x__�����>Դ����6\\�6�R���3�)=� ǡ�����䭪����>3O��	x?X���\`Ҵ�SS�ZC�-�֯$��sm*��@�������� ��~x��:s���_íiQ�a�?h�ZX���)��\\���=Tִ�-gH��u��w��3��z0�.T�285O'ӯ�pT<��hK�I��Z֭�7�#�Cer!���P�V>�A�\\� �O
����_
iS�kyo-����;t�_(�>��|/v��G�h�m���Z�Ze�v�V�,0B��DQ�s^2�5�]r���.�x>�{\`��۷xY�(O3��S�g8��˱�'��P��S�� ����W����'�j^kk�#0�(S�Ca�
I�R�u��Ɵ��L�-&���E�Ħ
C0|Á��g����5�ZO��L��)}��c�X���]�
��R�v��?4g�'���H>(]�i�^��G�Xy��Лh#����ܪ�v_9Ԅ�$�^�l�r��U]Ꜽ���N,�:�����G�ߣ;?�-v� �$���J���ݣg�;��Z��mm����b�Ɗ0@� zRW��\\�r�}W,R
(�����( ��( ��( ��( ��( ��(��
endstream
endobj
2 0 obj
<<
/ProcSet [/PDF /Text /ImageB /ImageC /ImageI]
/Font <<
/F1 5 0 R
/F2 6 0 R
/F3 7 0 R
>>
/XObject <<
/I1 8 0 R
>>
>>
endobj
9 0 obj
<<
/Producer (FPDF 1.53)
/CreationDate (D:20220225134805)
>>
endobj
10 0 obj
<<
/Type /Catalog
/Pages 1 0 R
/OpenAction [3 0 R /FitH null]
/PageLayout /OneColumn
>>
endobj
xref
0 11
0000000000 65535 f 
0000001539 00000 n 
0000004103 00000 n 
0000000009 00000 n 
0000000087 00000 n 
0000001626 00000 n 
0000001727 00000 n 
0000001823 00000 n 
0000001922 00000 n 
0000004237 00000 n 
0000004313 00000 n 
trailer
<<
/Size 11
/Root 10 0 R
/Info 9 0 R
>>
startxref
4417
%%EOF
"
`;
